// Jest Snapshot v1, https://goo.gl/fbAQLP

exports[`simple collections seq 1`] = `
Collection {
  "anchor": null,
  "commentRange": null,
  "items": Array [
    CollectionItem {
      "anchor": null,
      "commentRange": null,
      "indicator": "-",
      "item": Scalar {
        "anchor": null,
        "blockStyle": null,
        "commentRange": null,
        "range": Range {
          "end": 12,
          "start": 3,
        },
        "raw": "one value",
        "tag": null,
        "type": "PLAIN",
        "valueRange": Range {
          "end": 12,
          "start": 3,
        },
      },
      "range": Range {
        "end": 12,
        "start": 1,
      },
      "tag": null,
      "type": "SEQ_ITEM",
      "valueRange": Range {
        "end": 12,
        "start": 1,
      },
    },
    CollectionItem {
      "anchor": null,
      "commentRange": null,
      "indicator": "-",
      "item": Scalar {
        "anchor": null,
        "blockStyle": null,
        "commentRange": Range {
          "end": 22,
          "start": 20,
        },
        "range": Range {
          "end": 22,
          "start": 15,
        },
        "raw": "'2'",
        "tag": null,
        "type": "SINGLE",
        "valueRange": Range {
          "end": 18,
          "start": 15,
        },
      },
      "range": Range {
        "end": 22,
        "start": 13,
      },
      "tag": null,
      "type": "SEQ_ITEM",
      "valueRange": Range {
        "end": 18,
        "start": 13,
      },
    },
    Scalar {
      "anchor": null,
      "blockStyle": null,
      "commentRange": Range {
        "end": 28,
        "start": 26,
      },
      "range": null,
      "raw": "",
      "tag": null,
      "type": "COMMENT",
      "valueRange": Range {
        "end": 25,
        "start": 25,
      },
    },
    CollectionItem {
      "anchor": null,
      "commentRange": null,
      "indicator": "-",
      "item": Scalar {
        "anchor": null,
        "blockStyle": null,
        "commentRange": null,
        "range": Range {
          "end": 43,
          "start": 31,
        },
        "raw": "\\"three\\"",
        "tag": "tag",
        "type": "DOUBLE",
        "valueRange": Range {
          "end": 43,
          "start": 36,
        },
      },
      "range": Range {
        "end": 43,
        "start": 29,
      },
      "tag": null,
      "type": "SEQ_ITEM",
      "valueRange": Range {
        "end": 43,
        "start": 29,
      },
    },
    CollectionItem {
      "anchor": null,
      "commentRange": null,
      "indicator": "-",
      "item": Scalar {
        "anchor": null,
        "blockStyle": ">",
        "commentRange": null,
        "range": Range {
          "end": 61,
          "start": 46,
        },
        "raw": " four
   five",
        "tag": null,
        "type": "BLOCK",
        "valueRange": Range {
          "end": 61,
          "start": 48,
        },
      },
      "range": Range {
        "end": 61,
        "start": 44,
      },
      "tag": null,
      "type": "SEQ_ITEM",
      "valueRange": Range {
        "end": 61,
        "start": 44,
      },
    },
    CollectionItem {
      "anchor": null,
      "commentRange": null,
      "indicator": "-",
      "item": FlowContainer {
        "anchor": null,
        "commentRange": null,
        "items": Array [
          "[",
          FlowContainer {
            "anchor": null,
            "commentRange": null,
            "items": Array [
              "{",
              Scalar {
                "anchor": null,
                "blockStyle": null,
                "commentRange": null,
                "range": Range {
                  "end": 71,
                  "start": 66,
                },
                "raw": "\\"six\\"",
                "tag": null,
                "type": "DOUBLE",
                "valueRange": Range {
                  "end": 71,
                  "start": 66,
                },
              },
              ":",
              Scalar {
                "anchor": null,
                "blockStyle": null,
                "commentRange": null,
                "range": Range {
                  "end": 73,
                  "start": 72,
                },
                "raw": "7",
                "tag": null,
                "type": "PLAIN",
                "valueRange": Range {
                  "end": 73,
                  "start": 72,
                },
              },
              "}",
            ],
            "range": Range {
              "end": 74,
              "start": 65,
            },
            "tag": null,
            "type": "FLOW_MAP",
            "valueRange": Range {
              "end": 74,
              "start": 65,
            },
          },
          "]",
        ],
        "range": Range {
          "end": 75,
          "start": 64,
        },
        "tag": null,
        "type": "FLOW_SEQ",
        "valueRange": Range {
          "end": 75,
          "start": 64,
        },
      },
      "range": Range {
        "end": 75,
        "start": 62,
      },
      "tag": null,
      "type": "SEQ_ITEM",
      "valueRange": Range {
        "end": 75,
        "start": 62,
      },
    },
    Scalar {
      "anchor": null,
      "blockStyle": null,
      "commentRange": Range {
        "end": 79,
        "start": 77,
      },
      "range": null,
      "raw": "",
      "tag": null,
      "type": "COMMENT",
      "valueRange": Range {
        "end": 76,
        "start": 76,
      },
    },
  ],
  "range": null,
  "tag": null,
  "type": "COLLECTION",
  "valueRange": Range {
    "end": 79,
    "start": 0,
  },
}
`;
