// Jest Snapshot v1, https://goo.gl/fbAQLP

exports[`custom seq items seq in seq in seq 1`] = `
Collection {
  "items": Array [
    CollectionItem {
      "indicator": "-",
      "item": Collection {
        "items": Array [
          CollectionItem {
            "indicator": "-",
            "item": Collection {
              "items": Array [
                CollectionItem {
                  "indicator": "-",
                  "item": Scalar {
                    "range": Range {
                      "end": 16,
                      "start": 11,
                    },
                    "raw": "value",
                    "type": "PLAIN",
                    "valueRange": Range {
                      "end": 16,
                      "start": 11,
                    },
                  },
                  "range": Range {
                    "end": 16,
                    "start": 9,
                  },
                  "type": "SEQ_ITEM",
                  "valueRange": Range {
                    "end": 16,
                    "start": 9,
                  },
                },
              ],
              "range": Range {
                "end": 16,
                "start": 9,
              },
              "type": "COLLECTION",
              "valueRange": Range {
                "end": 16,
                "start": 9,
              },
            },
            "range": Range {
              "end": 16,
              "start": 3,
            },
            "type": "SEQ_ITEM",
            "valueRange": Range {
              "end": 16,
              "start": 3,
            },
          },
        ],
        "range": Range {
          "end": 16,
          "start": 3,
        },
        "type": "COLLECTION",
        "valueRange": Range {
          "end": 16,
          "start": 3,
        },
      },
      "range": Range {
        "end": 16,
        "start": 1,
      },
      "type": "SEQ_ITEM",
      "valueRange": Range {
        "end": 16,
        "start": 1,
      },
    },
  ],
  "range": Range {
    "end": 16,
    "start": 1,
  },
  "type": "COLLECTION",
  "valueRange": Range {
    "end": 16,
    "start": 1,
  },
}
`;

exports[`simple collections seq 1`] = `
Collection {
  "items": Array [
    CollectionItem {
      "indicator": "-",
      "item": Scalar {
        "range": Range {
          "end": 12,
          "start": 3,
        },
        "raw": "one value",
        "type": "PLAIN",
        "valueRange": Range {
          "end": 12,
          "start": 3,
        },
      },
      "range": Range {
        "end": 12,
        "start": 1,
      },
      "type": "SEQ_ITEM",
      "valueRange": Range {
        "end": 12,
        "start": 1,
      },
    },
    CollectionItem {
      "indicator": "-",
      "item": Scalar {
        "commentRange": Range {
          "end": 22,
          "start": 20,
        },
        "range": Range {
          "end": 22,
          "start": 15,
        },
        "raw": "'2'",
        "rawComment": "c1",
        "type": "SINGLE",
        "valueRange": Range {
          "end": 18,
          "start": 15,
        },
      },
      "range": Range {
        "end": 22,
        "start": 13,
      },
      "type": "SEQ_ITEM",
      "valueRange": Range {
        "end": 18,
        "start": 13,
      },
    },
    Scalar {
      "commentRange": Range {
        "end": 28,
        "start": 26,
      },
      "raw": "",
      "rawComment": "c2",
      "type": "COMMENT",
      "valueRange": Range {
        "end": 25,
        "start": 25,
      },
    },
    CollectionItem {
      "indicator": "-",
      "item": Scalar {
        "range": Range {
          "end": 43,
          "start": 31,
        },
        "raw": "\\"three\\"",
        "tag": "tag",
        "type": "DOUBLE",
        "valueRange": Range {
          "end": 43,
          "start": 36,
        },
      },
      "range": Range {
        "end": 43,
        "start": 29,
      },
      "type": "SEQ_ITEM",
      "valueRange": Range {
        "end": 43,
        "start": 29,
      },
    },
    CollectionItem {
      "indicator": "-",
      "item": Scalar {
        "blockStyle": ">",
        "range": Range {
          "end": 61,
          "start": 46,
        },
        "raw": " four
   five",
        "type": "BLOCK",
        "valueRange": Range {
          "end": 61,
          "start": 48,
        },
      },
      "range": Range {
        "end": 61,
        "start": 44,
      },
      "type": "SEQ_ITEM",
      "valueRange": Range {
        "end": 61,
        "start": 44,
      },
    },
    CollectionItem {
      "indicator": "-",
      "item": FlowContainer {
        "items": Array [
          "[",
          FlowContainer {
            "items": Array [
              "{",
              Scalar {
                "range": Range {
                  "end": 71,
                  "start": 66,
                },
                "raw": "\\"six\\"",
                "type": "DOUBLE",
                "valueRange": Range {
                  "end": 71,
                  "start": 66,
                },
              },
              ":",
              Scalar {
                "range": Range {
                  "end": 73,
                  "start": 72,
                },
                "raw": "7",
                "type": "PLAIN",
                "valueRange": Range {
                  "end": 73,
                  "start": 72,
                },
              },
              "}",
            ],
            "range": Range {
              "end": 74,
              "start": 65,
            },
            "type": "FLOW_MAP",
            "valueRange": Range {
              "end": 74,
              "start": 65,
            },
          },
          "]",
        ],
        "range": Range {
          "end": 75,
          "start": 64,
        },
        "type": "FLOW_SEQ",
        "valueRange": Range {
          "end": 75,
          "start": 64,
        },
      },
      "range": Range {
        "end": 75,
        "start": 62,
      },
      "type": "SEQ_ITEM",
      "valueRange": Range {
        "end": 75,
        "start": 62,
      },
    },
    Scalar {
      "commentRange": Range {
        "end": 79,
        "start": 77,
      },
      "raw": "",
      "rawComment": "c3",
      "type": "COMMENT",
      "valueRange": Range {
        "end": 76,
        "start": 76,
      },
    },
  ],
  "range": Range {
    "end": 79,
    "start": 1,
  },
  "type": "COLLECTION",
  "valueRange": Range {
    "end": 79,
    "start": 1,
  },
}
`;
